C:/msys64/mingw64/include/c++/10.2.0/bits/locale_facets.h:1084:7:virtual std::ctype<char>::char_type std::ctype<char>::do_widen(char) const	8	static
C:/msys64/mingw64/include/c++/10.2.0/bits/shared_ptr_base.h:407:5:void std::_Sp_counted_ptr<_Ptr, _Lp>::_M_dispose() [with _Ptr = std::nullptr_t; __gnu_cxx::_Lock_policy _Lp = __gnu_cxx::_S_atomic]	8	static
C:/msys64/mingw64/include/c++/10.2.0/variant:1252:17:virtual const char* std::bad_variant_access::what() const	8	static
C:/msys64/mingw64/include/c++/10.2.0/bits/shared_ptr_base.h:134:7:void std::_Sp_counted_base<_Lp>::_M_destroy() [with __gnu_cxx::_Lock_policy _Lp = __gnu_cxx::_S_atomic]	8	static
babLib/any.hpp:190:20:virtual constexpr babel::ANY::PolAny::any::_data<int>::~_data()	8	static
C:/msys64/mingw64/include/c++/10.2.0/variant:996:7:__indices = {0}]	8	static
C:/msys64/mingw64/include/c++/10.2.0/variant:996:7:__indices = {1}]	8	static
C:/msys64/mingw64/include/c++/10.2.0/bits/codecvt.h:116:7:std::__codecvt_abstract_base<_InternT, _ExternT, _StateT>::result std::__codecvt_abstract_base<_InternT, _ExternT, _StateT>::out(std::__codecvt_abstract_base<_InternT, _ExternT, _StateT>::state_type&, const intern_type*, const intern_type*, const intern_type*&, std::__codecvt_abstract_base<_InternT, _ExternT, _StateT>::extern_type*, std::__codecvt_abstract_base<_InternT, _ExternT, _StateT>::extern_type*, std::__codecvt_abstract_base<_InternT, _ExternT, _StateT>::extern_type*&) const [with _InternT = wchar_t; _ExternT = char; _StateT = int]	8	static
C:/msys64/mingw64/include/c++/10.2.0/bits/std_function.h:289:7:) [with _Res = void; _Functor = babel::REQ::request::send_req<int, TESTING::REQUEST_HPP()::<lambda()>, {}>::<lambda()>; _ArgTypes = {}]	8	static
C:/msys64/mingw64/include/c++/10.2.0/bits/std_function.h:289:7:) [with _Res = void; _Functor = babel::REQ::request::send_req<int, TESTING::REQUEST_HPP()::<lambda()>, {}>::<lambda()>; _ArgTypes = {}]	8	static
C:/msys64/mingw64/include/c++/10.2.0/bits/codecvt.h:196:7:std::__codecvt_abstract_base<_InternT, _ExternT, _StateT>::result std::__codecvt_abstract_base<_InternT, _ExternT, _StateT>::in(std::__codecvt_abstract_base<_InternT, _ExternT, _StateT>::state_type&, const extern_type*, const extern_type*, const extern_type*&, std::__codecvt_abstract_base<_InternT, _ExternT, _StateT>::intern_type*, std::__codecvt_abstract_base<_InternT, _ExternT, _StateT>::intern_type*, std::__codecvt_abstract_base<_InternT, _ExternT, _StateT>::intern_type*&) const [with _InternT = wchar_t; _ExternT = char; _StateT = int]	8	static
babLib/any.hpp:199:60:std::unique_ptr<babel::ANY::PolAny::any::__base__any> babel::ANY::PolAny::any::_data<T>::duplicate() const [with T = int]	64	static
babLib/any.hpp:190:20:virtual constexpr babel::ANY::PolAny::any::_data<int>::~_data()	8	static
C:/msys64/mingw64/include/c++/10.2.0/bits/std_function.h:289:7:) [with _Res = void; _Functor = babel::REQ::request::send_req<std::unique_ptr<int>, TESTING::REQUEST_HPP()::<lambda()>, {}>::<lambda()>; _ArgTypes = {}]	48	static
C:/msys64/mingw64/include/c++/10.2.0/bits/std_function.h:289:7:) [with _Res = void; _Functor = babel::REQ::request::send_req<std::unique_ptr<int>, TESTING::REQUEST_HPP()::<lambda(const std::unique_ptr<int>&)>, {std::unique_ptr<int, std::default_delete<int> >&}>::<lambda()>; _ArgTypes = {}]	64	static
C:/msys64/mingw64/include/c++/10.2.0/bits/fs_path.h:809:13:virtual std::filesystem::__cxx11::path::_Cvt<_CharT>::_S_convert<char>::_UCvt::~_UCvt()	8	static
C:/msys64/mingw64/include/c++/10.2.0/bits/fs_path.h:809:13:virtual std::filesystem::__cxx11::path::_Cvt<_CharT>::_S_convert<char>::_UCvt::~_UCvt()	48	static
C:/msys64/mingw64/include/c++/10.2.0/codecvt:169:3:virtual std::codecvt_utf8_utf16<wchar_t>::~codecvt_utf8_utf16()	8	static
C:/msys64/mingw64/include/c++/10.2.0/codecvt:169:3:virtual std::codecvt_utf8_utf16<wchar_t>::~codecvt_utf8_utf16()	48	static
C:/msys64/mingw64/include/c++/10.2.0/variant:1247:9:virtual std::bad_variant_access::~bad_variant_access()	8	static
C:/msys64/mingw64/include/c++/10.2.0/variant:1247:9:virtual std::bad_variant_access::~bad_variant_access()	48	static
C:/msys64/mingw64/include/c++/10.2.0/iostream:74:25:void __tcf_0()	8	static
babLib/any.hpp:236:30:T& babel::ANY::PolAny::any::cast() [with T = int]	48	static
C:/msys64/mingw64/include/c++/10.2.0/bits/std_function.h:268:7:), _Functor>::_M_manager(std::_Any_data&, const std::_Any_data&, std::_Manager_operation) [with _Res = void; _Functor = babel::REQ::request::send_req<int, TESTING::REQUEST_HPP()::<lambda()>, {}>::<lambda()>; _ArgTypes = {}]	8	static
C:/msys64/mingw64/include/c++/10.2.0/bits/std_function.h:268:7:), _Functor>::_M_manager(std::_Any_data&, const std::_Any_data&, std::_Manager_operation) [with _Res = void; _Functor = babel::REQ::request::send_req<int, TESTING::REQUEST_HPP()::<lambda()>, {}>::<lambda()>; _ArgTypes = {}]	8	static
C:/msys64/mingw64/include/c++/10.2.0/bits/std_function.h:268:7:), _Functor>::_M_manager(std::_Any_data&, const std::_Any_data&, std::_Manager_operation) [with _Res = void; _Functor = babel::REQ::request::send_req<std::unique_ptr<int>, TESTING::REQUEST_HPP()::<lambda()>, {}>::<lambda()>; _ArgTypes = {}]	8	static
C:/msys64/mingw64/include/c++/10.2.0/bits/std_function.h:268:7:), _Functor>::_M_manager(std::_Any_data&, const std::_Any_data&, std::_Manager_operation) [with _Res = void; _Functor = babel::ALGO::FFT<std::vector<double>, double>::<lambda(std::vector<std::complex<double>, std::allocator<std::complex<double> > >&)>; _ArgTypes = {std::vector<std::complex<double>, std::allocator<std::complex<double> > >&}]	8	static
C:/msys64/mingw64/include/c++/10.2.0/bits/std_function.h:268:7:), _Functor>::_M_manager(std::_Any_data&, const std::_Any_data&, std::_Manager_operation) [with _Res = void; _Functor = babel::REQ::request::send_req<std::unique_ptr<int>, TESTING::REQUEST_HPP()::<lambda(const std::unique_ptr<int>&)>, {std::unique_ptr<int, std::default_delete<int> >&}>::<lambda()>; _ArgTypes = {}]	64	static
C:/msys64/mingw64/include/c++/10.2.0/bits/deque.tcc:856:6:void std::deque<_Tp, _Alloc>::_M_destroy_data_aux(std::deque<_Tp, _Alloc>::iterator, std::deque<_Tp, _Alloc>::iterator) [with _Tp = std::function<void()>; _Alloc = std::allocator<std::function<void()> >]	80	static
C:/msys64/mingw64/include/c++/10.2.0/bits/basic_string.tcc:1428:5:int std::__cxx11::basic_string<_CharT, _Traits, _Alloc>::compare(const _CharT*) const [with _CharT = char; _Traits = std::char_traits<char>; _Alloc = std::allocator<char>]	80	static
babLib/any.hpp:190:20:virtual babel::ANY::PolAny::any::_data<std::__cxx11::basic_string<char> >::~_data()	8	static
babLib/any.hpp:190:20:virtual babel::ANY::PolAny::any::_data<std::__cxx11::basic_string<char> >::~_data()	48	static
C:/msys64/mingw64/include/c++/10.2.0/bits/stl_vector.h:1815:7:void std::vector<_Tp, _Alloc>::_M_move_assign(std::vector<_Tp, _Alloc>&&, std::true_type) [with _Tp = int; _Alloc = std::allocator<int>]	8	static
C:/msys64/mingw64/include/c++/10.2.0/bits/stl_vector.h:510:7:std::vector<_Tp, _Alloc>::vector(std::vector<_Tp, _Alloc>::size_type, const allocator_type&) [with _Tp = int; _Alloc = std::allocator<int>]	64	static
C:/msys64/mingw64/include/c++/10.2.0/bits/vector.tcc:300:7:void std::vector<_Tp, _Alloc>::_M_assign_aux(_ForwardIterator, _ForwardIterator, std::forward_iterator_tag) [with _ForwardIterator = const int*; _Tp = int; _Alloc = std::allocator<int>]	96	static
C:/msys64/mingw64/include/c++/10.2.0/bits/vector.tcc:198:5:std::vector<_Tp, _Alloc>& std::vector<_Tp, _Alloc>::operator=(const std::vector<_Tp, _Alloc>&) [with _Tp = int; _Alloc = std::allocator<int>]	96	static
babLib/algorithm.hpp:467:29:Container babel::ALGO::drop_last(const Container&, size_t) [with Container = std::vector<int>]	80	static
C:/msys64/mingw64/include/c++/10.2.0/bits/basic_string.tcc:206:7:void std::__cxx11::basic_string<_CharT, _Traits, _Alloc>::_M_construct(_InIterator, _InIterator, std::forward_iterator_tag) [with _FwdIterator = char*; _CharT = char; _Traits = std::char_traits<char>; _Alloc = std::allocator<char>]	64	static
C:/msys64/mingw64/include/c++/10.2.0/bits/basic_string.h:525:7:std::__cxx11::basic_string<_CharT, _Traits, _Alloc>::basic_string(const _CharT*, const _Alloc&) [with <template-parameter-2-1> = std::allocator<char>; _CharT = char; _Traits = std::char_traits<char>; _Alloc = std::allocator<char>]	80	static
babLib/any.hpp:199:60:std::unique_ptr<babel::ANY::PolAny::any::__base__any> babel::ANY::PolAny::any::_data<T>::duplicate() const [with T = std::__cxx11::basic_string<char>]	80	static
babLib/algorithm.hpp:416:29:Container babel::ALGO::stride(const Container&, size_t) [with Container = std::vector<int>]	80	static
babLib/algorithm.hpp:416:29:Container babel::ALGO::stride(const Container&, size_t) [with Container = std::vector<int>]	96	static
babLib/algorithm.hpp:444:29:Container babel::ALGO::drop_idx(const Container&, size_t) [with Container = std::vector<int>]	80	static
C:/msys64/mingw64/include/c++/10.2.0/variant:1266:3:void std::__throw_bad_variant_access(const char*)	48	static
babLib/must_have.hpp:44:31:static constexpr void _BABEL_PRIVATE_DO_NOT_USE::_PRIVATE_BABEL::babel_pow(uint64_t (*)[2], unsigned int)	96	static
babLib/algorithm.hpp:658:40:std::vector<long long int> babel::ALGO::zeros(size_t)	64	static
babLib/algorithm.hpp:683:40:std::vector<long long int> babel::ALGO::ones(size_t)	64	static
babLib/any.hpp:225:13:babel::ANY::PolAny::any::~any()	48	static
babLib/char.hpp:268:19:std::ostream& babel::CHAR::operator<<(std::ostream&, const babel::CHAR::ASCII_CHAR&)	64	static
babLib/char.hpp:273:19:std::istream& babel::CHAR::operator>>(std::istream&, babel::CHAR::ASCII_CHAR&)	48	static
babLib/file_system.hpp:54:17:std::string babel::FILE_SYS::file_extension(const string&)	80	static
babLib/file_system.hpp:68:17:std::string babel::FILE_SYS::file_without_extension(const string&)	96	static
babLib/file_system.hpp:86:10:bool babel::FILE_SYS::filename_contain(std::string_view, std::string_view)	96	static
babLib/windows/windowsConv.hpp:9:24:auto babel::WINDOWS::CONVERSION::str_to_lpcwstr(const string&)	80	static
tester.hpp:13:10:void TESTING::WRAPER_HPP()	144	static
tester.hpp:56:10:void TESTING::TIME_HPP()	48	static
tester.hpp:67:10:void TESTING::OPTIONAL_HPP()	96	static
tester.hpp:85:10:void TESTING::MUST_HAVE_HPP()	8	static
tester.hpp:214:10:void TESTING::CHAR_HPP()	8	static
tester.hpp:242:10:void TESTING::ANY_HPP_VOID_ANY()	128	static
tester.hpp:266:10:void TESTING::ANY_HPP_POLY_ANY()	128	static
tester.hpp:471:10:void TESTING::WINDOWSCONV_HPP()	96	static
C:/msys64/mingw64/include/c++/10.2.0/ext/string_conversions.h:64:2:)::_Save_errno::~_Save_errno() [with _TRet = long int; _Ret = int; _CharT = char; _Base = {int}]	64	static
C:/msys64/mingw64/include/c++/10.2.0/bits/stl_vector.h:678:7:std::vector<_Tp, _Alloc>::~vector() [with _Tp = std::vector<long long int>; _Alloc = std::allocator<std::vector<long long int> >]	64	static
C:/msys64/mingw64/include/c++/10.2.0/bits/stl_deque.h:1003:7:std::deque<_Tp, _Alloc>::~deque() [with _Tp = std::function<void()>; _Alloc = std::allocator<std::function<void()> >]	128	static
babLib/algorithm.hpp:274:34:std::vector<std::complex<_Up> > babel::ALGO::FFT(const Container&) [with Container = std::vector<double>; T = double]	144	static
babLib/algorithm.hpp:360:29:Container babel::ALGO::take(const Container&, size_t) [with Container = std::vector<int>]	80	static
babLib/algorithm.hpp:504:29:Container babel::ALGO::take_cyclic(const Container&, size_t) [with Container = std::vector<int>]	80	static
babLib/algorithm.hpp:553:53:std::vector<std::pair<long long unsigned int, T> > babel::ALGO::enumerate(const Container&) [with Container = std::vector<int>; T = int]	144	static
babLib/algorithm.hpp:570:53:std::vector<std::pair<long long unsigned int, T> > babel::ALGO::run_length_encode(const Container&) [with Container = std::vector<int>; T = int]	144	static
C:/msys64/mingw64/include/c++/10.2.0/bits/vector.tcc:426:7:) [with _Args = {long long int&}; _Tp = long long int; _Alloc = std::allocator<long long int>]	144	static
babLib/algorithm.hpp:603:40:std::vector<long long int> babel::ALGO::range(int64_t, int64_t, int64_t)	128	static
babLib/algorithm.hpp:633:40:std::vector<long long int> babel::ALGO::range(int64_t)	48	static
C:/msys64/mingw64/include/c++/10.2.0/bits/vector.tcc:426:7:) [with _Args = {std::__cxx11::basic_string<char, std::char_traits<char>, std::allocator<char> >}; _Tp = std::__cxx11::basic_string<char>; _Alloc = std::allocator<std::__cxx11::basic_string<char> >]	128	static
C:/msys64/mingw64/include/c++/10.2.0/bits/vector.tcc:426:7:) [with _Args = {const char (&)[1]}; _Tp = std::__cxx11::basic_string<char>; _Alloc = std::allocator<std::__cxx11::basic_string<char> >]	128	static
babLib/file_system.hpp:96:30:std::vector<std::__cxx11::basic_string<char> > babel::FILE_SYS::load_txt_to_vector(const string&)	672	static
C:/msys64/mingw64/include/c++/10.2.0/bits/stl_deque.h:614:5:void std::_Deque_base<_Tp, _Alloc>::_M_initialize_map(std::size_t) [with _Tp = std::function<void()>; _Alloc = std::allocator<std::function<void()> >]	80	static
babLib/request/request.hpp:100:14:void babel::REQ::request::clear()	256	static
C:/msys64/mingw64/include/c++/10.2.0/bits/vector.tcc:426:7:) [with _Args = {int}; _Tp = int; _Alloc = std::allocator<int>]	144	static
tester.hpp:41:10:void TESTING::VARIADIC_HPP()	176	static
C:/msys64/mingw64/include/c++/10.2.0/bits/basic_string.tcc:310:5:void std::__cxx11::basic_string<_CharT, _Traits, _Alloc>::_M_mutate(std::__cxx11::basic_string<_CharT, _Traits, _Alloc>::size_type, std::__cxx11::basic_string<_CharT, _Traits, _Alloc>::size_type, const _CharT*, std::__cxx11::basic_string<_CharT, _Traits, _Alloc>::size_type) [with _CharT = char; _Traits = std::char_traits<char>; _Alloc = std::allocator<char>]	112	static
babLib/file_system.hpp:115:17:std::string babel::FILE_SYS::load_txt(const string&)	688	static
C:/msys64/mingw64/include/c++/10.2.0/bits/vector.tcc:426:7:) [with _Args = {char*}; _Tp = char*; _Alloc = std::allocator<char*>]	144	static
tester.hpp:504:10:void TESTING::TEXT_HPP()	6336	static
C:/msys64/mingw64/include/c++/10.2.0/bits/vector.tcc:426:7:) [with _Args = {int&}; _Tp = int; _Alloc = std::allocator<int>]	144	static
C:/msys64/mingw64/include/c++/10.2.0/bits/vector.tcc:426:7:) [with _Args = {unsigned int&}; _Tp = unsigned int; _Alloc = std::allocator<unsigned int>]	144	static
C:/msys64/mingw64/include/c++/10.2.0/bits/vector.tcc:426:7:) [with _Args = {double}; _Tp = double; _Alloc = std::allocator<double>]	144	static
babLib/math.hpp:604:20:std::vector<_Tp> babel::MATH::find_x(T, T, T) [with T = double]	112	static
tester.hpp:93:10:void TESTING::MATH_HPP()	240	static
C:/msys64/mingw64/include/c++/10.2.0/bits/vector.tcc:426:7:) [with _Args = {std::complex<double>&}; _Tp = std::complex<double>; _Alloc = std::allocator<std::complex<double> >]	128	static
C:/msys64/mingw64/include/c++/10.2.0/bits/std_function.h:289:7:) [with _Res = void; _Functor = babel::ALGO::FFT<std::vector<double>, double>::<lambda(std::vector<std::complex<double>, std::allocator<std::complex<double> > >&)>; _ArgTypes = {std::vector<std::complex<double>, std::allocator<std::complex<double> > >&}]	272	static
C:/msys64/mingw64/include/c++/10.2.0/bits/stl_construct.h:149:2:static constexpr void std::_Destroy_aux<<anonymous> >::__destroy(_ForwardIterator, _ForwardIterator) [with _ForwardIterator = std::vector<long long int>*; bool <anonymous> = false]	64	static
babLib/algorithm.hpp:646:53:std::vector<std::vector<long long int> > babel::ALGO::zeros(size_t, size_t)	128	static
babLib/algorithm.hpp:671:53:std::vector<std::vector<long long int> > babel::ALGO::ones(size_t, size_t)	128	static
tester.hpp:286:10:void TESTING::ALGORITHM_HPP()	672	static
C:/msys64/mingw64/include/c++/10.2.0/bits/deque.tcc:928:5:void std::deque<_Tp, _Alloc>::_M_reallocate_map(std::deque<_Tp, _Alloc>::size_type, bool) [with _Tp = std::function<void()>; _Alloc = std::allocator<std::function<void()> >]	112	static
tester.hpp:479:10:void TESTING::REQUEST_HPP()	368	static
C:/msys64/mingw64/include/c++/10.2.0/bits/basic_string.tcc:347:5:void std::__cxx11::basic_string<_CharT, _Traits, _Alloc>::resize(std::__cxx11::basic_string<_CharT, _Traits, _Alloc>::size_type, _CharT) [with _CharT = char; _Traits = std::char_traits<char>; _Alloc = std::allocator<char>]	96	static
C:/msys64/mingw64/include/c++/10.2.0/bits/basic_string.tcc:347:5:void std::__cxx11::basic_string<_CharT, _Traits, _Alloc>::resize(std::__cxx11::basic_string<_CharT, _Traits, _Alloc>::size_type, _CharT) [with _CharT = wchar_t; _Traits = std::char_traits<wchar_t>; _Alloc = std::allocator<wchar_t>]	128	static
C:/msys64/mingw64/include/c++/10.2.0/bits/fs_path.h:803:7:static std::filesystem::__cxx11::path::string_type std::filesystem::__cxx11::path::_Cvt<_CharT>::_S_convert(const _CharT*, const _CharT*) [with _CharT = char]	256	static
babLib/file_system.hpp:40:30:std::vector<std::__cxx11::basic_string<char> > babel::FILE_SYS::scan_folder(const string&)	432	static
tester.hpp:199:10:void TESTING::FILE_SYSTEM_HPP()	1200	static
tester.hpp:514:10:void TESTING::START_ALL_TEST(int)	64	static
main.cpp:7:5:int main()	112	static
main.cpp:18:1:cpp)	48	static
